// Jest Snapshot v1, https://goo.gl/fbAQLP

exports[`CheckpointCard matches snapshot 1`] = `
<Card
  className="card cardViewed"
  data-test-id="history-list-card"
  tag="div"
>
  <CardBody
    tag="div"
  >
    <CardSubtitle
      tag="h6"
    >
      Checkpoint:
    </CardSubtitle>
    <CardText
      tag="p"
    >
      test message
    </CardText>
    <CardSubtitle
      tag="h6"
    >
      Date:
    </CardSubtitle>
    <CardText
      tag="p"
    >
      moment_mock_fromNow_10123
    </CardText>
    <Dropdown
      active={false}
      addonType={false}
      direction="down"
      inNavbar={false}
      isOpen={false}
      nav={false}
      setActiveFromChild={false}
      toggle={[Function]}
    >
      <DropdownToggle
        aria-haspopup={true}
        color="secondary"
        tag="span"
      >
        <i
          className="fas fa-ellipsis-h"
          data-test-id="history-list-card-toggle"
          style={
            Object {
              "float": "right",
            }
          }
        />
      </DropdownToggle>
      <DropdownMenu
        flip={true}
        tag="div"
      >
        <DropdownItem
          data-test-id="history-list-card-view-button"
          onClick={[Function]}
          tag="button"
          toggle={true}
        >
          View
        </DropdownItem>
        <DropdownItem
          data-test-id="history-list-card-revert-button"
          onClick={[Function]}
          tag="button"
          toggle={true}
        >
          Revert
        </DropdownItem>
        <DropdownItem
          data-test-id="history-list-card-revert-button"
          onClick={[Function]}
          tag="button"
          toggle={true}
        >
          Diff
        </DropdownItem>
      </DropdownMenu>
    </Dropdown>
  </CardBody>
</Card>
`;
