// Jest Snapshot v1, https://goo.gl/fbAQLP

exports[`History View should should display History View 1`] = `
<div
  style={
    Object {
      "height": "100%",
    }
  }
>
  <Connect(CheckpointCard)
    key="0"
    timestamp="1/1/1970, 12:00:10 AM"
    version="first commit"
  />
  <Connect(CheckpointCard)
    key="1"
    timestamp="1/1/1970, 12:00:10 AM"
    version="second commit"
  />
  <Connect(CheckpointCard)
    key="2"
    timestamp="1/1/1970, 12:00:10 AM"
    version="third commit"
  />
</div>
`;
