// Jest Snapshot v1, https://goo.gl/fbAQLP

exports[`Viewer matches snapshot 1`] = `
<div>
  <Button
    close={true}
    color="secondary"
    data-test-id="viewer-close-button"
    onClick={[Function]}
    style={
      Object {
        "cursor": "pointer",
        "float": "right",
        "marginRight": "50px",
      }
    }
    tag="button"
  />
</div>
`;
