// Jest Snapshot v1, https://goo.gl/fbAQLP

exports[`TitleBar matches snapshot 1`] = `
<div
  className="titleBar  d-flex"
>
  <span
    className="titleBarDarwinButtonsPlaceholder"
  />
  <h1
    className="titleBarHeader"
  >
    ProsePro
    <small
      className="text-muted"
    />
  </h1>
</div>
`;
