// Jest Snapshot v1, https://goo.gl/fbAQLP

exports[`FileNameList matches snapshot 1`] = `
<div>
  <ListGroup
    tag="ul"
  >
    <FileNameListItem
      className="item "
      file="File1"
      key="0"
    />
    <FileNameListItem
      className="item "
      file="file2"
      key="1"
    />
    <FileNameListItem
      className="item "
      file="File3"
      key="2"
    />
  </ListGroup>
</div>
`;
